{
  "start": "This translation should be removed"
}
